Analysis & Synthesis report for countdown_timer
Sat Feb  5 21:43:29 2022
Quartus Prime Version 21.1.0 Build 842 10/21/2021 SJ Lite Edition


---------------------
; Table of Contents ;
---------------------
  1. Legal Notice
  2. Analysis & Synthesis Summary
  3. Analysis & Synthesis Settings
  4. Parallel Compilation
  5. Analysis & Synthesis Source Files Read
  6. Analysis & Synthesis Resource Usage Summary
  7. Analysis & Synthesis Resource Utilization by Entity
  8. State Machine - |top|countdown_timer:timer|current_state
  9. Registers Removed During Synthesis
 10. General Register Statistics
 11. Multiplexer Restructuring Statistics (Restructuring Performed)
 12. Parameter Settings for User Entity Instance: countdown_timer:timer
 13. Parameter Settings for User Entity Instance: bin_to_bcd:bcd_encoder_sec
 14. Parameter Settings for User Entity Instance: bin_to_bcd:bcd_encoder_min
 15. Parameter Settings for User Entity Instance: LED_blinker:blinker
 16. Port Connectivity Checks: "sev_seg_decoder:min_1"
 17. Port Connectivity Checks: "sev_seg_decoder:min_0"
 18. Port Connectivity Checks: "sev_seg_decoder:sec_1"
 19. Port Connectivity Checks: "sev_seg_decoder:sec_0"
 20. Port Connectivity Checks: "bin_to_bcd:bcd_encoder_min"
 21. Port Connectivity Checks: "bin_to_bcd:bcd_encoder_sec"
 22. Post-Synthesis Netlist Statistics for Top Partition
 23. Elapsed Time Per Partition
 24. Analysis & Synthesis Messages



----------------
; Legal Notice ;
----------------
Copyright (C) 2021  Intel Corporation. All rights reserved.
Your use of Intel Corporation's design tools, logic functions 
and other software and tools, and any partner logic 
functions, and any output files from any of the foregoing 
(including device programming or simulation files), and any 
associated documentation or information are expressly subject 
to the terms and conditions of the Intel Program License 
Subscription Agreement, the Intel Quartus Prime License Agreement,
the Intel FPGA IP License Agreement, or other applicable license
agreement, including, without limitation, that your use is for
the sole purpose of programming logic devices manufactured by
Intel and sold by Intel or its authorized distributors.  Please
refer to the applicable agreement for further details, at
https://fpgasoftware.intel.com/eula.



+----------------------------------------------------------------------------------+
; Analysis & Synthesis Summary                                                     ;
+------------------------------------+---------------------------------------------+
; Analysis & Synthesis Status        ; Successful - Sat Feb  5 21:43:29 2022       ;
; Quartus Prime Version              ; 21.1.0 Build 842 10/21/2021 SJ Lite Edition ;
; Revision Name                      ; countdown_timer                             ;
; Top-level Entity Name              ; top                                         ;
; Family                             ; MAX 10                                      ;
; Total logic elements               ; 269                                         ;
;     Total combinational functions  ; 267                                         ;
;     Dedicated logic registers      ; 92                                          ;
; Total registers                    ; 92                                          ;
; Total pins                         ; 55                                          ;
; Total virtual pins                 ; 0                                           ;
; Total memory bits                  ; 0                                           ;
; Embedded Multiplier 9-bit elements ; 0                                           ;
; Total PLLs                         ; 0                                           ;
; UFM blocks                         ; 0                                           ;
; ADC blocks                         ; 0                                           ;
+------------------------------------+---------------------------------------------+


+------------------------------------------------------------------------------------------------------------+
; Analysis & Synthesis Settings                                                                              ;
+------------------------------------------------------------------+--------------------+--------------------+
; Option                                                           ; Setting            ; Default Value      ;
+------------------------------------------------------------------+--------------------+--------------------+
; Device                                                           ; 10M50DAF484C6GES   ;                    ;
; Top-level entity name                                            ; top                ; countdown_timer    ;
; Family name                                                      ; MAX 10             ; Cyclone V          ;
; Use smart compilation                                            ; Off                ; Off                ;
; Enable parallel Assembler and Timing Analyzer during compilation ; On                 ; On                 ;
; Enable compact report table                                      ; Off                ; Off                ;
; Restructure Multiplexers                                         ; Auto               ; Auto               ;
; Create Debugging Nodes for IP Cores                              ; Off                ; Off                ;
; Preserve fewer node names                                        ; On                 ; On                 ;
; Intel FPGA IP Evaluation Mode                                    ; Enable             ; Enable             ;
; Verilog Version                                                  ; Verilog_2001       ; Verilog_2001       ;
; VHDL Version                                                     ; VHDL_1993          ; VHDL_1993          ;
; State Machine Processing                                         ; Auto               ; Auto               ;
; Safe State Machine                                               ; Off                ; Off                ;
; Extract Verilog State Machines                                   ; On                 ; On                 ;
; Extract VHDL State Machines                                      ; On                 ; On                 ;
; Ignore Verilog initial constructs                                ; Off                ; Off                ;
; Iteration limit for constant Verilog loops                       ; 5000               ; 5000               ;
; Iteration limit for non-constant Verilog loops                   ; 250                ; 250                ;
; Add Pass-Through Logic to Inferred RAMs                          ; On                 ; On                 ;
; Infer RAMs from Raw Logic                                        ; On                 ; On                 ;
; Parallel Synthesis                                               ; On                 ; On                 ;
; DSP Block Balancing                                              ; Auto               ; Auto               ;
; NOT Gate Push-Back                                               ; On                 ; On                 ;
; Power-Up Don't Care                                              ; On                 ; On                 ;
; Remove Redundant Logic Cells                                     ; Off                ; Off                ;
; Remove Duplicate Registers                                       ; On                 ; On                 ;
; Ignore CARRY Buffers                                             ; Off                ; Off                ;
; Ignore CASCADE Buffers                                           ; Off                ; Off                ;
; Ignore GLOBAL Buffers                                            ; Off                ; Off                ;
; Ignore ROW GLOBAL Buffers                                        ; Off                ; Off                ;
; Ignore LCELL Buffers                                             ; Off                ; Off                ;
; Ignore SOFT Buffers                                              ; On                 ; On                 ;
; Limit AHDL Integers to 32 Bits                                   ; Off                ; Off                ;
; Optimization Technique                                           ; Balanced           ; Balanced           ;
; Carry Chain Length                                               ; 70                 ; 70                 ;
; Auto Carry Chains                                                ; On                 ; On                 ;
; Auto Open-Drain Pins                                             ; On                 ; On                 ;
; Perform WYSIWYG Primitive Resynthesis                            ; Off                ; Off                ;
; Auto ROM Replacement                                             ; On                 ; On                 ;
; Auto RAM Replacement                                             ; On                 ; On                 ;
; Auto DSP Block Replacement                                       ; On                 ; On                 ;
; Auto Shift Register Replacement                                  ; Auto               ; Auto               ;
; Allow Shift Register Merging across Hierarchies                  ; Auto               ; Auto               ;
; Auto Clock Enable Replacement                                    ; On                 ; On                 ;
; Strict RAM Replacement                                           ; Off                ; Off                ;
; Allow Synchronous Control Signals                                ; On                 ; On                 ;
; Force Use of Synchronous Clear Signals                           ; Off                ; Off                ;
; Auto RAM Block Balancing                                         ; On                 ; On                 ;
; Auto RAM to Logic Cell Conversion                                ; Off                ; Off                ;
; Auto Resource Sharing                                            ; Off                ; Off                ;
; Allow Any RAM Size For Recognition                               ; Off                ; Off                ;
; Allow Any ROM Size For Recognition                               ; Off                ; Off                ;
; Allow Any Shift Register Size For Recognition                    ; Off                ; Off                ;
; Use LogicLock Constraints during Resource Balancing              ; On                 ; On                 ;
; Ignore translate_off and synthesis_off directives                ; Off                ; Off                ;
; Timing-Driven Synthesis                                          ; On                 ; On                 ;
; Report Parameter Settings                                        ; On                 ; On                 ;
; Report Source Assignments                                        ; On                 ; On                 ;
; Report Connectivity Checks                                       ; On                 ; On                 ;
; Ignore Maximum Fan-Out Assignments                               ; Off                ; Off                ;
; Synchronization Register Chain Length                            ; 2                  ; 2                  ;
; Power Optimization During Synthesis                              ; Normal compilation ; Normal compilation ;
; HDL message level                                                ; Level2             ; Level2             ;
; Suppress Register Optimization Related Messages                  ; Off                ; Off                ;
; Number of Removed Registers Reported in Synthesis Report         ; 5000               ; 5000               ;
; Number of Swept Nodes Reported in Synthesis Report               ; 5000               ; 5000               ;
; Number of Inverted Registers Reported in Synthesis Report        ; 100                ; 100                ;
; Clock MUX Protection                                             ; On                 ; On                 ;
; Auto Gated Clock Conversion                                      ; Off                ; Off                ;
; Block Design Naming                                              ; Auto               ; Auto               ;
; SDC constraint protection                                        ; Off                ; Off                ;
; Synthesis Effort                                                 ; Auto               ; Auto               ;
; Shift Register Replacement - Allow Asynchronous Clear Signal     ; On                 ; On                 ;
; Pre-Mapping Resynthesis Optimization                             ; Off                ; Off                ;
; Analysis & Synthesis Message Level                               ; Medium             ; Medium             ;
; Disable Register Merging Across Hierarchies                      ; Auto               ; Auto               ;
; Resource Aware Inference For Block RAM                           ; On                 ; On                 ;
+------------------------------------------------------------------+--------------------+--------------------+


+------------------------------------------+
; Parallel Compilation                     ;
+----------------------------+-------------+
; Processors                 ; Number      ;
+----------------------------+-------------+
; Number detected on machine ; 16          ;
; Maximum allowed            ; 16          ;
;                            ;             ;
; Average used               ; 1.00        ;
; Maximum used               ; 16          ;
;                            ;             ;
; Usage by Processor         ; % Time Used ;
;     Processor 1            ; 100.0%      ;
;     Processors 2-16        ;   0.0%      ;
+----------------------------+-------------+


+-----------------------------------------------------------------------------------------------------------------------------------------------------------------------+
; Analysis & Synthesis Source Files Read                                                                                                                                ;
+----------------------------------+-----------------+------------------------------+-------------------------------------------------------------------------+---------+
; File Name with User-Entered Path ; Used in Netlist ; File Type                    ; File Name with Absolute Path                                            ; Library ;
+----------------------------------+-----------------+------------------------------+-------------------------------------------------------------------------+---------+
; PB_state.sv                      ; yes             ; User SystemVerilog HDL File  ; C:/Users/JoeyD/Documents/GitHub/FPGA-countdown-timer/PB_state.sv        ;         ;
; sev_seg_decoder.sv               ; yes             ; User SystemVerilog HDL File  ; C:/Users/JoeyD/Documents/GitHub/FPGA-countdown-timer/sev_seg_decoder.sv ;         ;
; LED_blinker.sv                   ; yes             ; User SystemVerilog HDL File  ; C:/Users/JoeyD/Documents/GitHub/FPGA-countdown-timer/LED_blinker.sv     ;         ;
; bin_to_bcd.sv                    ; yes             ; User SystemVerilog HDL File  ; C:/Users/JoeyD/Documents/GitHub/FPGA-countdown-timer/bin_to_bcd.sv      ;         ;
; countdown_timer.sv               ; yes             ; User SystemVerilog HDL File  ; C:/Users/JoeyD/Documents/GitHub/FPGA-countdown-timer/countdown_timer.sv ;         ;
; top.sv                           ; yes             ; User SystemVerilog HDL File  ; C:/Users/JoeyD/Documents/GitHub/FPGA-countdown-timer/top.sv             ;         ;
+----------------------------------+-----------------+------------------------------+-------------------------------------------------------------------------+---------+


+-------------------------------------------------------------------+
; Analysis & Synthesis Resource Usage Summary                       ;
+---------------------------------------------+---------------------+
; Resource                                    ; Usage               ;
+---------------------------------------------+---------------------+
; Estimated Total logic elements              ; 269                 ;
;                                             ;                     ;
; Total combinational functions               ; 267                 ;
; Logic element usage by number of LUT inputs ;                     ;
;     -- 4 input functions                    ; 116                 ;
;     -- 3 input functions                    ; 7                   ;
;     -- <=2 input functions                  ; 144                 ;
;                                             ;                     ;
; Logic elements by mode                      ;                     ;
;     -- normal mode                          ; 184                 ;
;     -- arithmetic mode                      ; 83                  ;
;                                             ;                     ;
; Total registers                             ; 92                  ;
;     -- Dedicated logic registers            ; 92                  ;
;     -- I/O registers                        ; 0                   ;
;                                             ;                     ;
; I/O pins                                    ; 55                  ;
;                                             ;                     ;
; Embedded Multiplier 9-bit elements          ; 0                   ;
;                                             ;                     ;
; Maximum fan-out node                        ; MAX10_CLK1_50~input ;
; Maximum fan-out                             ; 92                  ;
; Total fan-out                               ; 1152                ;
; Average fan-out                             ; 2.46                ;
+---------------------------------------------+---------------------+


+---------------------------------------------------------------------------------------------------------------------------------------------------------------------------------------------------------------------------------------------------------+
; Analysis & Synthesis Resource Utilization by Entity                                                                                                                                                                                                     ;
+---------------------------------+---------------------+---------------------------+-------------+------------+--------------+---------+-----------+------+--------------+------------+---------------------------------+-----------------+--------------+
; Compilation Hierarchy Node      ; Combinational ALUTs ; Dedicated Logic Registers ; Memory Bits ; UFM Blocks ; DSP Elements ; DSP 9x9 ; DSP 18x18 ; Pins ; Virtual Pins ; ADC blocks ; Full Hierarchy Name             ; Entity Name     ; Library Name ;
+---------------------------------+---------------------+---------------------------+-------------+------------+--------------+---------+-----------+------+--------------+------------+---------------------------------+-----------------+--------------+
; |top                            ; 267 (0)             ; 92 (0)                    ; 0           ; 0          ; 0            ; 0       ; 0         ; 55   ; 0            ; 0          ; |top                            ; top             ; work         ;
;    |LED_blinker:blinker|        ; 57 (57)             ; 33 (33)                   ; 0           ; 0          ; 0            ; 0       ; 0         ; 0    ; 0            ; 0          ; |top|LED_blinker:blinker        ; LED_blinker     ; work         ;
;    |PB_state:read_PBs|          ; 4 (4)               ; 4 (4)                     ; 0           ; 0          ; 0            ; 0       ; 0         ; 0    ; 0            ; 0          ; |top|PB_state:read_PBs          ; PB_state        ; work         ;
;    |bin_to_bcd:bcd_encoder_min| ; 23 (23)             ; 0 (0)                     ; 0           ; 0          ; 0            ; 0       ; 0         ; 0    ; 0            ; 0          ; |top|bin_to_bcd:bcd_encoder_min ; bin_to_bcd      ; work         ;
;    |bin_to_bcd:bcd_encoder_sec| ; 23 (23)             ; 0 (0)                     ; 0           ; 0          ; 0            ; 0       ; 0         ; 0    ; 0            ; 0          ; |top|bin_to_bcd:bcd_encoder_sec ; bin_to_bcd      ; work         ;
;    |countdown_timer:timer|      ; 132 (132)           ; 55 (55)                   ; 0           ; 0          ; 0            ; 0       ; 0         ; 0    ; 0            ; 0          ; |top|countdown_timer:timer      ; countdown_timer ; work         ;
;    |sev_seg_decoder:min_0|      ; 7 (7)               ; 0 (0)                     ; 0           ; 0          ; 0            ; 0       ; 0         ; 0    ; 0            ; 0          ; |top|sev_seg_decoder:min_0      ; sev_seg_decoder ; work         ;
;    |sev_seg_decoder:min_1|      ; 7 (7)               ; 0 (0)                     ; 0           ; 0          ; 0            ; 0       ; 0         ; 0    ; 0            ; 0          ; |top|sev_seg_decoder:min_1      ; sev_seg_decoder ; work         ;
;    |sev_seg_decoder:sec_0|      ; 7 (7)               ; 0 (0)                     ; 0           ; 0          ; 0            ; 0       ; 0         ; 0    ; 0            ; 0          ; |top|sev_seg_decoder:sec_0      ; sev_seg_decoder ; work         ;
;    |sev_seg_decoder:sec_1|      ; 7 (7)               ; 0 (0)                     ; 0           ; 0          ; 0            ; 0       ; 0         ; 0    ; 0            ; 0          ; |top|sev_seg_decoder:sec_1      ; sev_seg_decoder ; work         ;
+---------------------------------+---------------------+---------------------------+-------------+------------+--------------+---------+-----------+------+--------------+------------+---------------------------------+-----------------+--------------+
Note: For table entries with two numbers listed, the numbers in parentheses indicate the number of resources of the given type used by the specific entity alone. The numbers listed outside of parentheses indicate the total resources of the given type used by the specific entity and all of its sub-entities in the hierarchy.


Encoding Type:  One-Hot
+------------------------------------------------------------------------------------------------------------------------------------------------+
; State Machine - |top|countdown_timer:timer|current_state                                                                                       ;
+-------------------------+-------------------------+----------------------+-------------------------+--------------------+----------------------+
; Name                    ; current_state.DECREMENT ; current_state.ACTIVE ; current_state.INCREMENT ; current_state.IDLE ; current_state.FINISH ;
+-------------------------+-------------------------+----------------------+-------------------------+--------------------+----------------------+
; current_state.IDLE      ; 0                       ; 0                    ; 0                       ; 0                  ; 0                    ;
; current_state.INCREMENT ; 0                       ; 0                    ; 1                       ; 1                  ; 0                    ;
; current_state.ACTIVE    ; 0                       ; 1                    ; 0                       ; 1                  ; 0                    ;
; current_state.DECREMENT ; 1                       ; 0                    ; 0                       ; 1                  ; 0                    ;
; current_state.FINISH    ; 0                       ; 0                    ; 0                       ; 1                  ; 1                    ;
+-------------------------+-------------------------+----------------------+-------------------------+--------------------+----------------------+


+------------------------------------------------------------+
; Registers Removed During Synthesis                         ;
+---------------------------------------+--------------------+
; Register name                         ; Reason for Removal ;
+---------------------------------------+--------------------+
; countdown_timer:timer|current_state~4 ; Lost fanout        ;
; countdown_timer:timer|current_state~5 ; Lost fanout        ;
; countdown_timer:timer|current_state~7 ; Lost fanout        ;
; Total Number of Removed Registers = 3 ;                    ;
+---------------------------------------+--------------------+


+------------------------------------------------------+
; General Register Statistics                          ;
+----------------------------------------------+-------+
; Statistic                                    ; Value ;
+----------------------------------------------+-------+
; Total registers                              ; 92    ;
; Number of registers using Synchronous Clear  ; 17    ;
; Number of registers using Synchronous Load   ; 0     ;
; Number of registers using Asynchronous Clear ; 42    ;
; Number of registers using Asynchronous Load  ; 0     ;
; Number of registers using Clock Enable       ; 48    ;
; Number of registers using Preset             ; 0     ;
+----------------------------------------------+-------+


+-----------------------------------------------------------------------------------------------------------------------------------------------------+
; Multiplexer Restructuring Statistics (Restructuring Performed)                                                                                      ;
+--------------------+-----------+---------------+----------------------+------------------------+------------+---------------------------------------+
; Multiplexer Inputs ; Bus Width ; Baseline Area ; Area if Restructured ; Saving if Restructured ; Registered ; Example Multiplexer Output            ;
+--------------------+-----------+---------------+----------------------+------------------------+------------+---------------------------------------+
; 5:1                ; 8 bits    ; 24 LEs        ; 16 LEs               ; 8 LEs                  ; Yes        ; |top|countdown_timer:timer|tmr_min[0] ;
+--------------------+-----------+---------------+----------------------+------------------------+------------+---------------------------------------+


+--------------------------------------------------------------------+
; Parameter Settings for User Entity Instance: countdown_timer:timer ;
+----------------+----------+----------------------------------------+
; Parameter Name ; Value    ; Type                                   ;
+----------------+----------+----------------------------------------+
; CLK_FREQ       ; 50000000 ; Signed Integer                         ;
+----------------+----------+----------------------------------------+
Note: In order to hide this table in the UI and the text report file, please set the "Show Parameter Settings in Synthesis Report" option in "Analysis and Synthesis Settings -> More Settings" to "Off".


+-------------------------------------------------------------------------+
; Parameter Settings for User Entity Instance: bin_to_bcd:bcd_encoder_sec ;
+----------------+-------+------------------------------------------------+
; Parameter Name ; Value ; Type                                           ;
+----------------+-------+------------------------------------------------+
; BIN_WIDTH      ; 8     ; Signed Integer                                 ;
; DEC_DEGITS     ; 3     ; Signed Integer                                 ;
+----------------+-------+------------------------------------------------+
Note: In order to hide this table in the UI and the text report file, please set the "Show Parameter Settings in Synthesis Report" option in "Analysis and Synthesis Settings -> More Settings" to "Off".


+-------------------------------------------------------------------------+
; Parameter Settings for User Entity Instance: bin_to_bcd:bcd_encoder_min ;
+----------------+-------+------------------------------------------------+
; Parameter Name ; Value ; Type                                           ;
+----------------+-------+------------------------------------------------+
; BIN_WIDTH      ; 8     ; Signed Integer                                 ;
; DEC_DEGITS     ; 3     ; Signed Integer                                 ;
+----------------+-------+------------------------------------------------+
Note: In order to hide this table in the UI and the text report file, please set the "Show Parameter Settings in Synthesis Report" option in "Analysis and Synthesis Settings -> More Settings" to "Off".


+------------------------------------------------------------------+
; Parameter Settings for User Entity Instance: LED_blinker:blinker ;
+----------------+----------+--------------------------------------+
; Parameter Name ; Value    ; Type                                 ;
+----------------+----------+--------------------------------------+
; MAX_COUNT_1Hz  ; 25000000 ; Signed Integer                       ;
+----------------+----------+--------------------------------------+
Note: In order to hide this table in the UI and the text report file, please set the "Show Parameter Settings in Synthesis Report" option in "Analysis and Synthesis Settings -> More Settings" to "Off".


+---------------------------------------------------+
; Port Connectivity Checks: "sev_seg_decoder:min_1" ;
+------+-------+----------+-------------------------+
; Port ; Type  ; Severity ; Details                 ;
+------+-------+----------+-------------------------+
; dp   ; Input ; Info     ; Stuck at GND            ;
+------+-------+----------+-------------------------+


+---------------------------------------------------+
; Port Connectivity Checks: "sev_seg_decoder:min_0" ;
+------+-------+----------+-------------------------+
; Port ; Type  ; Severity ; Details                 ;
+------+-------+----------+-------------------------+
; dp   ; Input ; Info     ; Stuck at VCC            ;
+------+-------+----------+-------------------------+


+---------------------------------------------------+
; Port Connectivity Checks: "sev_seg_decoder:sec_1" ;
+------+-------+----------+-------------------------+
; Port ; Type  ; Severity ; Details                 ;
+------+-------+----------+-------------------------+
; dp   ; Input ; Info     ; Stuck at GND            ;
+------+-------+----------+-------------------------+


+---------------------------------------------------+
; Port Connectivity Checks: "sev_seg_decoder:sec_0" ;
+------+-------+----------+-------------------------+
; Port ; Type  ; Severity ; Details                 ;
+------+-------+----------+-------------------------+
; dp   ; Input ; Info     ; Stuck at GND            ;
+------+-------+----------+-------------------------+


+----------------------------------------------------------------------------------------------------------------------+
; Port Connectivity Checks: "bin_to_bcd:bcd_encoder_min"                                                               ;
+------------+--------+----------+-------------------------------------------------------------------------------------+
; Port       ; Type   ; Severity ; Details                                                                             ;
+------------+--------+----------+-------------------------------------------------------------------------------------+
; out[11..8] ; Output ; Info     ; Connected to dangling logic. Logic that only feeds a dangling port will be removed. ;
+------------+--------+----------+-------------------------------------------------------------------------------------+


+----------------------------------------------------------------------------------------------------------------------+
; Port Connectivity Checks: "bin_to_bcd:bcd_encoder_sec"                                                               ;
+------------+--------+----------+-------------------------------------------------------------------------------------+
; Port       ; Type   ; Severity ; Details                                                                             ;
+------------+--------+----------+-------------------------------------------------------------------------------------+
; out[11..8] ; Output ; Info     ; Connected to dangling logic. Logic that only feeds a dangling port will be removed. ;
+------------+--------+----------+-------------------------------------------------------------------------------------+


+-----------------------------------------------------+
; Post-Synthesis Netlist Statistics for Top Partition ;
+-----------------------+-----------------------------+
; Type                  ; Count                       ;
+-----------------------+-----------------------------+
; boundary_port         ; 55                          ;
; cycloneiii_ff         ; 92                          ;
;     CLR               ; 42                          ;
;     ENA               ; 31                          ;
;     ENA SCLR          ; 17                          ;
;     plain             ; 2                           ;
; cycloneiii_lcell_comb ; 273                         ;
;     arith             ; 83                          ;
;         2 data inputs ; 83                          ;
;     normal            ; 190                         ;
;         0 data inputs ; 2                           ;
;         1 data inputs ; 9                           ;
;         2 data inputs ; 56                          ;
;         3 data inputs ; 7                           ;
;         4 data inputs ; 116                         ;
;                       ;                             ;
; Max LUT depth         ; 6.00                        ;
; Average LUT depth     ; 3.99                        ;
+-----------------------+-----------------------------+


+-------------------------------+
; Elapsed Time Per Partition    ;
+----------------+--------------+
; Partition Name ; Elapsed Time ;
+----------------+--------------+
; Top            ; 00:00:00     ;
+----------------+--------------+


+-------------------------------+
; Analysis & Synthesis Messages ;
+-------------------------------+
Info: *******************************************************************
Info: Running Quartus Prime Analysis & Synthesis
    Info: Version 21.1.0 Build 842 10/21/2021 SJ Lite Edition
    Info: Processing started: Sat Feb  5 21:43:23 2022
Info: Command: quartus_map --read_settings_files=on --write_settings_files=off countdown_timer -c countdown_timer
Warning (18236): Number of processors has not been specified which may cause overloading on shared machines.  Set the global assignment NUM_PARALLEL_PROCESSORS in your QSF to an appropriate value for best performance.
Info (20030): Parallel compilation is enabled and will use 16 of the 16 processors detected
Info (12021): Found 1 design units, including 1 entities, in source file pb_state.sv
    Info (12023): Found entity 1: PB_state File: C:/Users/JoeyD/Documents/GitHub/FPGA-countdown-timer/PB_state.sv Line: 1
Info (12021): Found 1 design units, including 1 entities, in source file sev_seg_decoder.sv
    Info (12023): Found entity 1: sev_seg_decoder File: C:/Users/JoeyD/Documents/GitHub/FPGA-countdown-timer/sev_seg_decoder.sv Line: 1
Info (12021): Found 1 design units, including 1 entities, in source file led_blinker.sv
    Info (12023): Found entity 1: LED_blinker File: C:/Users/JoeyD/Documents/GitHub/FPGA-countdown-timer/LED_blinker.sv Line: 2
Info (12021): Found 1 design units, including 1 entities, in source file bin_to_bcd.sv
    Info (12023): Found entity 1: bin_to_bcd File: C:/Users/JoeyD/Documents/GitHub/FPGA-countdown-timer/bin_to_bcd.sv Line: 6
Info (12021): Found 1 design units, including 1 entities, in source file countdown_timer.sv
    Info (12023): Found entity 1: countdown_timer File: C:/Users/JoeyD/Documents/GitHub/FPGA-countdown-timer/countdown_timer.sv Line: 1
Info (12021): Found 1 design units, including 1 entities, in source file top.sv
    Info (12023): Found entity 1: top File: C:/Users/JoeyD/Documents/GitHub/FPGA-countdown-timer/top.sv Line: 1
Info (12127): Elaborating entity "top" for the top level hierarchy
Info (12128): Elaborating entity "countdown_timer" for hierarchy "countdown_timer:timer" File: C:/Users/JoeyD/Documents/GitHub/FPGA-countdown-timer/top.sv Line: 30
Warning (10230): Verilog HDL assignment warning at countdown_timer.sv(97): truncated value with size 32 to match size of target (8) File: C:/Users/JoeyD/Documents/GitHub/FPGA-countdown-timer/countdown_timer.sv Line: 97
Warning (10230): Verilog HDL assignment warning at countdown_timer.sv(111): truncated value with size 32 to match size of target (8) File: C:/Users/JoeyD/Documents/GitHub/FPGA-countdown-timer/countdown_timer.sv Line: 111
Warning (10230): Verilog HDL assignment warning at countdown_timer.sv(113): truncated value with size 32 to match size of target (8) File: C:/Users/JoeyD/Documents/GitHub/FPGA-countdown-timer/countdown_timer.sv Line: 113
Info (12128): Elaborating entity "bin_to_bcd" for hierarchy "bin_to_bcd:bcd_encoder_sec" File: C:/Users/JoeyD/Documents/GitHub/FPGA-countdown-timer/top.sv Line: 35
Warning (10230): Verilog HDL assignment warning at bin_to_bcd.sv(36): truncated value with size 13 to match size of target (12) File: C:/Users/JoeyD/Documents/GitHub/FPGA-countdown-timer/bin_to_bcd.sv Line: 36
Warning (10230): Verilog HDL assignment warning at bin_to_bcd.sv(40): truncated value with size 32 to match size of target (3) File: C:/Users/JoeyD/Documents/GitHub/FPGA-countdown-timer/bin_to_bcd.sv Line: 40
Warning (10230): Verilog HDL assignment warning at bin_to_bcd.sv(33): truncated value with size 32 to match size of target (4) File: C:/Users/JoeyD/Documents/GitHub/FPGA-countdown-timer/bin_to_bcd.sv Line: 33
Warning (10230): Verilog HDL assignment warning at bin_to_bcd.sv(45): truncated value with size 32 to match size of target (4) File: C:/Users/JoeyD/Documents/GitHub/FPGA-countdown-timer/bin_to_bcd.sv Line: 45
Info (12128): Elaborating entity "LED_blinker" for hierarchy "LED_blinker:blinker" File: C:/Users/JoeyD/Documents/GitHub/FPGA-countdown-timer/top.sv Line: 46
Info (12128): Elaborating entity "sev_seg_decoder" for hierarchy "sev_seg_decoder:sec_0" File: C:/Users/JoeyD/Documents/GitHub/FPGA-countdown-timer/top.sv Line: 52
Info (12128): Elaborating entity "PB_state" for hierarchy "PB_state:read_PBs" File: C:/Users/JoeyD/Documents/GitHub/FPGA-countdown-timer/top.sv Line: 78
Warning (13024): Output pins are stuck at VCC or GND
    Warning (13410): Pin "HEX0[7]" is stuck at VCC File: C:/Users/JoeyD/Documents/GitHub/FPGA-countdown-timer/top.sv Line: 5
    Warning (13410): Pin "HEX1[7]" is stuck at VCC File: C:/Users/JoeyD/Documents/GitHub/FPGA-countdown-timer/top.sv Line: 6
    Warning (13410): Pin "HEX2[7]" is stuck at GND File: C:/Users/JoeyD/Documents/GitHub/FPGA-countdown-timer/top.sv Line: 7
    Warning (13410): Pin "HEX3[7]" is stuck at VCC File: C:/Users/JoeyD/Documents/GitHub/FPGA-countdown-timer/top.sv Line: 8
Info (286030): Timing-Driven Synthesis is running
Info (17049): 3 registers lost all their fanouts during netlist optimizations.
Info (16010): Generating hard_block partition "hard_block:auto_generated_inst"
    Info (16011): Adding 0 node(s), including 0 DDIO, 0 PLL, 0 transceiver and 0 LCELL
Warning (21074): Design contains 9 input pin(s) that do not drive logic
    Warning (15610): No output dependent on input pin "SW[1]" File: C:/Users/JoeyD/Documents/GitHub/FPGA-countdown-timer/top.sv Line: 3
    Warning (15610): No output dependent on input pin "SW[2]" File: C:/Users/JoeyD/Documents/GitHub/FPGA-countdown-timer/top.sv Line: 3
    Warning (15610): No output dependent on input pin "SW[3]" File: C:/Users/JoeyD/Documents/GitHub/FPGA-countdown-timer/top.sv Line: 3
    Warning (15610): No output dependent on input pin "SW[4]" File: C:/Users/JoeyD/Documents/GitHub/FPGA-countdown-timer/top.sv Line: 3
    Warning (15610): No output dependent on input pin "SW[5]" File: C:/Users/JoeyD/Documents/GitHub/FPGA-countdown-timer/top.sv Line: 3
    Warning (15610): No output dependent on input pin "SW[6]" File: C:/Users/JoeyD/Documents/GitHub/FPGA-countdown-timer/top.sv Line: 3
    Warning (15610): No output dependent on input pin "SW[7]" File: C:/Users/JoeyD/Documents/GitHub/FPGA-countdown-timer/top.sv Line: 3
    Warning (15610): No output dependent on input pin "SW[8]" File: C:/Users/JoeyD/Documents/GitHub/FPGA-countdown-timer/top.sv Line: 3
    Warning (15610): No output dependent on input pin "SW[9]" File: C:/Users/JoeyD/Documents/GitHub/FPGA-countdown-timer/top.sv Line: 3
Info (21057): Implemented 324 device resources after synthesis - the final resource count might be different
    Info (21058): Implemented 13 input pins
    Info (21059): Implemented 42 output pins
    Info (21061): Implemented 269 logic cells
Info: Quartus Prime Analysis & Synthesis was successful. 0 errors, 23 warnings
    Info: Peak virtual memory: 4848 megabytes
    Info: Processing ended: Sat Feb  5 21:43:29 2022
    Info: Elapsed time: 00:00:06
    Info: Total CPU time (on all processors): 00:00:14


